ptxas info    : (C7520) Potential Performance Loss: wgmma.mma_async instructions are serialized due to program dependence on compiler-inserted WG.AR in divergent path in the function '_ZN4fmha15value_direction13blasst_routerILi512ELb0ELb0EEEvRKNS0_6ParamsERNS0_6SharedIXT_EEEPKNS0_7TmaMapsE'
ptxas info    : (C7520) Potential Performance Loss: wgmma.mma_async instructions are serialized due to program dependence on compiler-inserted WG.AR in divergent path in the function '_ZN4fmha15value_direction13blasst_routerILi512ELb1ELb0EEEvRKNS0_6ParamsERNS0_6SharedIXT_EEEPKNS0_7TmaMapsE'
ptxas info    : (C7520) Potential Performance Loss: wgmma.mma_async instructions are serialized due to program dependence on compiler-inserted WG.AR in divergent path in the function '_ZN4fmha15value_direction13blasst_routerILi256ELb0ELb0EEEvRKNS0_6ParamsERNS0_6SharedIXT_EEEPKNS0_7TmaMapsE'
ptxas info    : (C7520) Potential Performance Loss: wgmma.mma_async instructions are serialized due to program dependence on compiler-inserted WG.AR in divergent path in the function '_ZN4fmha15value_direction13blasst_routerILi256ELb1ELb0EEEvRKNS0_6ParamsERNS0_6SharedIXT_EEEPKNS0_7TmaMapsE'
ptxas info    : (C7520) Potential Performance Loss: wgmma.mma_async instructions are serialized due to program dependence on compiler-inserted WG.AR in divergent path in the function '_ZN4fmha15value_direction6routerILi512ELb0ELb1ELb0ELb0ELb0EEEvRKNS0_6ParamsERNS0_6SharedIXT_EEEPKNS0_7TmaMapsE'
ptxas info    : (C7520) Potential Performance Loss: wgmma.mma_async instructions are serialized due to program dependence on compiler-inserted WG.AR in divergent path in the function '_ZN4fmha15value_direction6routerILi512ELb1ELb1ELb0ELb0ELb0EEEvRKNS0_6ParamsERNS0_6SharedIXT_EEEPKNS0_7TmaMapsE'
ptxas info    : (C7520) Potential Performance Loss: wgmma.mma_async instructions are serialized due to program dependence on compiler-inserted WG.AR in divergent path in the function '_ZN4fmha15value_direction6routerILi256ELb0ELb1ELb0ELb0ELb0EEEvRKNS0_6ParamsERNS0_6SharedIXT_EEEPKNS0_7TmaMapsE'
ptxas info    : (C7520) Potential Performance Loss: wgmma.mma_async instructions are serialized due to program dependence on compiler-inserted WG.AR in divergent path in the function '_ZN4fmha15value_direction6routerILi256ELb1ELb1ELb0ELb0ELb0EEEvRKNS0_6ParamsERNS0_6SharedIXT_EEEPKNS0_7TmaMapsE'
ptxas info    : (C7520) Potential Performance Loss: wgmma.mma_async instructions are serialized due to program dependence on compiler-inserted WG.AR in divergent path in the function '_ZN4fmha15value_direction6routerILi512ELb1ELb1ELb1ELb0ELb0EEEvRKNS0_6ParamsERNS0_6SharedIXT_EEEPKNS0_7TmaMapsE'
ptxas info    : (C7520) Potential Performance Loss: wgmma.mma_async instructions are serialized due to program dependence on compiler-inserted WG.AR in divergent path in the function '_ZN4fmha15value_direction6routerILi512ELb0ELb1ELb0ELb0ELb1EEEvRKNS0_6ParamsERNS0_6SharedIXT_EEEPKNS0_7TmaMapsE'
ptxas info    : (C7520) Potential Performance Loss: wgmma.mma_async instructions are serialized due to program dependence on compiler-inserted WG.AR in divergent path in the function '_ZN4fmha15value_direction6routerILi512ELb1ELb1ELb0ELb0ELb1EEEvRKNS0_6ParamsERNS0_6SharedIXT_EEEPKNS0_7TmaMapsE'
ptxas info    : (C7520) Potential Performance Loss: wgmma.mma_async instructions are serialized due to program dependence on compiler-inserted WG.AR in divergent path in the function '_ZN4fmha15value_direction6routerILi256ELb0ELb1ELb0ELb0ELb1EEEvRKNS0_6ParamsERNS0_6SharedIXT_EEEPKNS0_7TmaMapsE'
ptxas info    : (C7520) Potential Performance Loss: wgmma.mma_async instructions are serialized due to program dependence on compiler-inserted WG.AR in divergent path in the function '_ZN4fmha15value_direction6routerILi256ELb1ELb1ELb0ELb0ELb1EEEvRKNS0_6ParamsERNS0_6SharedIXT_EEEPKNS0_7TmaMapsE'
ptxas info    : (C7520) Potential Performance Loss: wgmma.mma_async instructions are serialized due to program dependence on compiler-inserted WG.AR in divergent path in the function '_ZN4fmha15value_direction6routerILi512ELb1ELb1ELb1ELb0ELb1EEEvRKNS0_6ParamsERNS0_6SharedIXT_EEEPKNS0_7TmaMapsE'
ptxas info    : (C7519) warpgroup.arrive is injected in around line 104276 by compiler to allow use of registers in GMMA in function '_ZN4fmha15value_direction6routerILi512ELb1ELb1ELb0ELb1ELb0EEEvRKNS0_6ParamsERNS0_6SharedIXT_EEEPKNS0_7TmaMapsE'
ptxas info    : (C7520) Potential Performance Loss: wgmma.mma_async instructions are serialized due to program dependence on compiler-inserted WG.AR in divergent path in the function '_ZN4fmha15value_direction6routerILi512ELb1ELb1ELb0ELb1ELb0EEEvRKNS0_6ParamsERNS0_6SharedIXT_EEEPKNS0_7TmaMapsE'
ptxas info    : (C7519) warpgroup.arrive is injected in around line 94352 by compiler to allow use of registers in GMMA in function '_ZN4fmha15value_direction6routerILi256ELb1ELb1ELb0ELb1ELb0EEEvRKNS0_6ParamsERNS0_6SharedIXT_EEEPKNS0_7TmaMapsE'
ptxas info    : (C7520) Potential Performance Loss: wgmma.mma_async instructions are serialized due to program dependence on compiler-inserted WG.AR in divergent path in the function '_ZN4fmha15value_direction6routerILi256ELb1ELb1ELb0ELb1ELb0EEEvRKNS0_6ParamsERNS0_6SharedIXT_EEEPKNS0_7TmaMapsE'
ptxas info    : (C7519) warpgroup.arrive is injected in around line 83930 by compiler to allow use of registers in GMMA in function '_ZN4fmha15value_direction6routerILi512ELb1ELb1ELb1ELb1ELb0EEEvRKNS0_6ParamsERNS0_6SharedIXT_EEEPKNS0_7TmaMapsE'
ptxas info    : (C7520) Potential Performance Loss: wgmma.mma_async instructions are serialized due to program dependence on compiler-inserted WG.AR in divergent path in the function '_ZN4fmha15value_direction6routerILi512ELb1ELb1ELb1ELb1ELb0EEEvRKNS0_6ParamsERNS0_6SharedIXT_EEEPKNS0_7TmaMapsE'
ptxas info    : (C7519) warpgroup.arrive is injected in around line 75945 by compiler to allow use of registers in GMMA in function '_ZN4fmha15value_direction6routerILi512ELb1ELb1ELb0ELb1ELb1EEEvRKNS0_6ParamsERNS0_6SharedIXT_EEEPKNS0_7TmaMapsE'
ptxas info    : (C7520) Potential Performance Loss: wgmma.mma_async instructions are serialized due to program dependence on compiler-inserted WG.AR in divergent path in the function '_ZN4fmha15value_direction6routerILi512ELb1ELb1ELb0ELb1ELb1EEEvRKNS0_6ParamsERNS0_6SharedIXT_EEEPKNS0_7TmaMapsE'
ptxas info    : (C7519) warpgroup.arrive is injected in around line 68632 by compiler to allow use of registers in GMMA in function '_ZN4fmha15value_direction6routerILi256ELb1ELb1ELb0ELb1ELb1EEEvRKNS0_6ParamsERNS0_6SharedIXT_EEEPKNS0_7TmaMapsE'
ptxas info    : (C7520) Potential Performance Loss: wgmma.mma_async instructions are serialized due to program dependence on compiler-inserted WG.AR in divergent path in the function '_ZN4fmha15value_direction6routerILi256ELb1ELb1ELb0ELb1ELb1EEEvRKNS0_6ParamsERNS0_6SharedIXT_EEEPKNS0_7TmaMapsE'
ptxas info    : (C7519) warpgroup.arrive is injected in around line 56320 by compiler to allow use of registers in GMMA in function '_ZN4fmha15value_direction6routerILi512ELb1ELb1ELb1ELb1ELb1EEEvRKNS0_6ParamsERNS0_6SharedIXT_EEEPKNS0_7TmaMapsE'
ptxas info    : (C7520) Potential Performance Loss: wgmma.mma_async instructions are serialized due to program dependence on compiler-inserted WG.AR in divergent path in the function '_ZN4fmha15value_direction6routerILi512ELb1ELb1ELb1ELb1ELb1EEEvRKNS0_6ParamsERNS0_6SharedIXT_EEEPKNS0_7TmaMapsE'
ptxas info    : (C7519) warpgroup.arrive is injected in around line 37171 by compiler to allow use of registers in GMMA in function '_ZN4fmha15value_direction6routerILi512ELb1ELb0ELb0ELb1ELb0EEEvRKNS0_6ParamsERNS0_6SharedIXT_EEEPKNS0_7TmaMapsE'
ptxas info    : (C7519) warpgroup.arrive is injected in around line 28001 by compiler to allow use of registers in GMMA in function '_ZN4fmha15value_direction13blasst_routerILi512ELb1ELb1EEEvRKNS0_6ParamsERNS0_6SharedIXT_EEEPKNS0_7TmaMapsE'
ptxas info    : (C7520) Potential Performance Loss: wgmma.mma_async instructions are serialized due to program dependence on compiler-inserted WG.AR in divergent path in the function '_ZN4fmha15value_direction13blasst_routerILi512ELb1ELb1EEEvRKNS0_6ParamsERNS0_6SharedIXT_EEEPKNS0_7TmaMapsE'
ptxas info    : (C7519) warpgroup.arrive is injected in around line 9524 by compiler to allow use of registers in GMMA in function '_ZN4fmha15value_direction6routerILi256ELb1ELb0ELb0ELb1ELb0EEEvRKNS0_6ParamsERNS0_6SharedIXT_EEEPKNS0_7TmaMapsE'
ptxas info    : (C7519) warpgroup.arrive is injected in around line 954 by compiler to allow use of registers in GMMA in function '_ZN4fmha15value_direction13blasst_routerILi256ELb1ELb1EEEvRKNS0_6ParamsERNS0_6SharedIXT_EEEPKNS0_7TmaMapsE'
ptxas info    : (C7520) Potential Performance Loss: wgmma.mma_async instructions are serialized due to program dependence on compiler-inserted WG.AR in divergent path in the function '_ZN4fmha15value_direction13blasst_routerILi256ELb1ELb1EEEvRKNS0_6ParamsERNS0_6SharedIXT_EEEPKNS0_7TmaMapsE'
ptxas info    : 11 bytes gmem
ptxas info    : Compiling entry function '_ZN4fmha15value_direction6kernelILi512ELb0ELb0ELb0ELb0EEEvNS0_6ParamsENS0_7TmaMapsE' for 'sm_90a'
ptxas info    : Function properties for _ZN4fmha15value_direction6kernelILi512ELb0ELb0ELb0ELb0EEEvNS0_6ParamsENS0_7TmaMapsE
    816 bytes stack frame, 0 bytes spill stores, 0 bytes spill loads
ptxas info    : Used 168 registers, used 16 barriers, 816 bytes cumulative stack size
ptxas info    : Compile time = 2170.054 ms
ptxas info    : Function properties for _ZN4fmha15value_direction13blasst_routerILi512ELb0ELb0EEEvRKNS0_6ParamsERNS0_6SharedIXT_EEEPKNS0_7TmaMapsE
    0 bytes stack frame, 388 bytes spill stores, 388 bytes spill loads
ptxas info    : Function properties for _ZN4fmha15value_direction6routerILi512ELb0ELb0ELb0ELb0ELb0EEEvRKNS0_6ParamsERNS0_6SharedIXT_EEEPKNS0_7TmaMapsE
    0 bytes stack frame, 844 bytes spill stores, 852 bytes spill loads
ptxas info    : Function properties for _ZN4fmha15value_direction8consumerILi512ELb0ELb0EEEvRKNS0_6ParamsERNS0_6SharedIXT_EEE
    0 bytes stack frame, 16 bytes spill stores, 16 bytes spill loads
ptxas info    : Compiling entry function '_ZN4fmha15value_direction6kernelILi512ELb1ELb0ELb0ELb0EEEvNS0_6ParamsENS0_7TmaMapsE' for 'sm_90a'
ptxas info    : Function properties for _ZN4fmha15value_direction6kernelILi512ELb1ELb0ELb0ELb0EEEvNS0_6ParamsENS0_7TmaMapsE
    816 bytes stack frame, 0 bytes spill stores, 0 bytes spill loads
ptxas info    : Used 168 registers, used 16 barriers, 816 bytes cumulative stack size
ptxas info    : Compile time = 2160.784 ms
ptxas info    : Function properties for _ZN4fmha15value_direction13blasst_routerILi512ELb1ELb0EEEvRKNS0_6ParamsERNS0_6SharedIXT_EEEPKNS0_7TmaMapsE
    0 bytes stack frame, 388 bytes spill stores, 388 bytes spill loads
ptxas info    : Function properties for _ZN4fmha15value_direction6routerILi512ELb1ELb0ELb0ELb0ELb0EEEvRKNS0_6ParamsERNS0_6SharedIXT_EEEPKNS0_7TmaMapsE
    0 bytes stack frame, 844 bytes spill stores, 852 bytes spill loads
ptxas info    : Function properties for _ZN4fmha15value_direction8consumerILi512ELb1ELb0EEEvRKNS0_6ParamsERNS0_6SharedIXT_EEE
    0 bytes stack frame, 16 bytes spill stores, 16 bytes spill loads
ptxas info    : Compiling entry function '_ZN4fmha15value_direction6kernelILi256ELb0ELb0ELb0ELb0EEEvNS0_6ParamsENS0_7TmaMapsE' for 'sm_90a'
ptxas info    : Function properties for _ZN4fmha15value_direction6kernelILi256ELb0ELb0ELb0ELb0EEEvNS0_6ParamsENS0_7TmaMapsE
    96 bytes stack frame, 0 bytes spill stores, 0 bytes spill loads
ptxas info    : Used 255 registers, used 16 barriers, 96 bytes cumulative stack size
ptxas info    : Compile time = 1744.282 ms
ptxas info    : Function properties for _ZN4fmha15value_direction13blasst_routerILi256ELb0ELb0EEEvRKNS0_6ParamsERNS0_6SharedIXT_EEEPKNS0_7TmaMapsE
    0 bytes stack frame, 0 bytes spill stores, 0 bytes spill loads
ptxas info    : Function properties for _ZN4fmha15value_direction6routerILi256ELb0ELb0ELb0ELb0ELb0EEEvRKNS0_6ParamsERNS0_6SharedIXT_EEEPKNS0_7TmaMapsE
    0 bytes stack frame, 96 bytes spill stores, 96 bytes spill loads
ptxas info    : Function properties for _ZN4fmha15value_direction8consumerILi256ELb0ELb0EEEvRKNS0_6ParamsERNS0_6SharedIXT_EEE
    0 bytes stack frame, 0 bytes spill stores, 0 bytes spill loads
ptxas info    : Compiling entry function '_ZN4fmha15value_direction6kernelILi256ELb1ELb0ELb0ELb0EEEvNS0_6ParamsENS0_7TmaMapsE' for 'sm_90a'
ptxas info    : Function properties for _ZN4fmha15value_direction6kernelILi256ELb1ELb0ELb0ELb0EEEvNS0_6ParamsENS0_7TmaMapsE
    96 bytes stack frame, 0 bytes spill stores, 0 bytes spill loads
ptxas info    : Used 255 registers, used 16 barriers, 96 bytes cumulative stack size
ptxas info    : Compile time = 1743.025 ms
ptxas info    : Function properties for _ZN4fmha15value_direction13blasst_routerILi256ELb1ELb0EEEvRKNS0_6ParamsERNS0_6SharedIXT_EEEPKNS0_7TmaMapsE
    0 bytes stack frame, 0 bytes spill stores, 0 bytes spill loads
ptxas info    : Function properties for _ZN4fmha15value_direction6routerILi256ELb1ELb0ELb0ELb0ELb0EEEvRKNS0_6ParamsERNS0_6SharedIXT_EEEPKNS0_7TmaMapsE
    0 bytes stack frame, 96 bytes spill stores, 96 bytes spill loads
ptxas info    : Function properties for _ZN4fmha15value_direction8consumerILi256ELb1ELb0EEEvRKNS0_6ParamsERNS0_6SharedIXT_EEE
    0 bytes stack frame, 0 bytes spill stores, 0 bytes spill loads
ptxas info    : Compiling entry function '_ZN4fmha15value_direction6kernelILi512ELb0ELb1ELb0ELb0EEEvNS0_6ParamsENS0_7TmaMapsE' for 'sm_90a'
ptxas info    : Function properties for _ZN4fmha15value_direction6kernelILi512ELb0ELb1ELb0ELb0EEEvNS0_6ParamsENS0_7TmaMapsE
    488 bytes stack frame, 0 bytes spill stores, 0 bytes spill loads
ptxas info    : Used 168 registers, used 16 barriers, 488 bytes cumulative stack size
ptxas info    : Compile time = 857.637 ms
ptxas info    : Function properties for _ZN4fmha15value_direction6routerILi512ELb0ELb1ELb0ELb0ELb0EEEvRKNS0_6ParamsERNS0_6SharedIXT_EEEPKNS0_7TmaMapsE
    0 bytes stack frame, 488 bytes spill stores, 488 bytes spill loads
ptxas info    : Function properties for _ZN4fmha15value_direction8consumerILi512ELb0ELb0EEEvRKNS0_6ParamsERNS0_6SharedIXT_EEE
    0 bytes stack frame, 16 bytes spill stores, 16 bytes spill loads
ptxas info    : Compiling entry function '_ZN4fmha15value_direction6kernelILi512ELb1ELb1ELb0ELb0EEEvNS0_6ParamsENS0_7TmaMapsE' for 'sm_90a'
ptxas info    : Function properties for _ZN4fmha15value_direction6kernelILi512ELb1ELb1ELb0ELb0EEEvNS0_6ParamsENS0_7TmaMapsE
    488 bytes stack frame, 0 bytes spill stores, 0 bytes spill loads
ptxas info    : Used 168 registers, used 16 barriers, 488 bytes cumulative stack size
ptxas info    : Compile time = 847.852 ms
ptxas info    : Function properties for _ZN4fmha15value_direction6routerILi512ELb1ELb1ELb0ELb0ELb0EEEvRKNS0_6ParamsERNS0_6SharedIXT_EEEPKNS0_7TmaMapsE
    0 bytes stack frame, 488 bytes spill stores, 488 bytes spill loads
ptxas info    : Function properties for _ZN4fmha15value_direction8consumerILi512ELb1ELb0EEEvRKNS0_6ParamsERNS0_6SharedIXT_EEE
    0 bytes stack frame, 16 bytes spill stores, 16 bytes spill loads
ptxas info    : Compiling entry function '_ZN4fmha15value_direction6kernelILi256ELb0ELb1ELb0ELb0EEEvNS0_6ParamsENS0_7TmaMapsE' for 'sm_90a'
ptxas info    : Function properties for _ZN4fmha15value_direction6kernelILi256ELb0ELb1ELb0ELb0EEEvNS0_6ParamsENS0_7TmaMapsE
    8 bytes stack frame, 0 bytes spill stores, 0 bytes spill loads
ptxas info    : Used 255 registers, used 16 barriers, 8 bytes cumulative stack size
ptxas info    : Compile time = 756.743 ms
ptxas info    : Function properties for _ZN4fmha15value_direction6routerILi256ELb0ELb1ELb0ELb0ELb0EEEvRKNS0_6ParamsERNS0_6SharedIXT_EEEPKNS0_7TmaMapsE
    0 bytes stack frame, 4 bytes spill stores, 4 bytes spill loads
ptxas info    : Function properties for _ZN4fmha15value_direction8consumerILi256ELb0ELb0EEEvRKNS0_6ParamsERNS0_6SharedIXT_EEE
    0 bytes stack frame, 0 bytes spill stores, 0 bytes spill loads
ptxas info    : Compiling entry function '_ZN4fmha15value_direction6kernelILi256ELb1ELb1ELb0ELb0EEEvNS0_6ParamsENS0_7TmaMapsE' for 'sm_90a'
ptxas info    : Function properties for _ZN4fmha15value_direction6kernelILi256ELb1ELb1ELb0ELb0EEEvNS0_6ParamsENS0_7TmaMapsE
    8 bytes stack frame, 0 bytes spill stores, 0 bytes spill loads
ptxas info    : Used 255 registers, used 16 barriers, 8 bytes cumulative stack size
ptxas info    : Compile time = 756.649 ms
ptxas info    : Function properties for _ZN4fmha15value_direction6routerILi256ELb1ELb1ELb0ELb0ELb0EEEvRKNS0_6ParamsERNS0_6SharedIXT_EEEPKNS0_7TmaMapsE
    0 bytes stack frame, 4 bytes spill stores, 4 bytes spill loads
ptxas info    : Function properties for _ZN4fmha15value_direction8consumerILi256ELb1ELb0EEEvRKNS0_6ParamsERNS0_6SharedIXT_EEE
    0 bytes stack frame, 0 bytes spill stores, 0 bytes spill loads
ptxas info    : Compiling entry function '_ZN4fmha15value_direction12split_kernelILb0ELb0EEEvNS0_6ParamsENS0_7TmaMapsE' for 'sm_90a'
ptxas info    : Function properties for _ZN4fmha15value_direction12split_kernelILb0ELb0EEEvNS0_6ParamsENS0_7TmaMapsE
    200 bytes stack frame, 0 bytes spill stores, 0 bytes spill loads
ptxas info    : Used 255 registers, used 16 barriers, 200 bytes cumulative stack size
ptxas info    : Compile time = 893.675 ms
ptxas info    : Function properties for _ZN4fmha15value_direction6routerILi512ELb1ELb1ELb1ELb0ELb0EEEvRKNS0_6ParamsERNS0_6SharedIXT_EEEPKNS0_7TmaMapsE
    0 bytes stack frame, 196 bytes spill stores, 196 bytes spill loads
ptxas info    : Function properties for _ZN4fmha15value_direction8consumerILi512ELb1ELb1EEEvRKNS0_6ParamsERNS0_6SharedIXT_EEE
    0 bytes stack frame, 0 bytes spill stores, 0 bytes spill loads
ptxas info    : Compiling entry function '_ZN4fmha15value_direction6kernelILi512ELb0ELb1ELb0ELb1EEEvNS0_6ParamsENS0_7TmaMapsE' for 'sm_90a'
ptxas info    : Function properties for _ZN4fmha15value_direction6kernelILi512ELb0ELb1ELb0ELb1EEEvNS0_6ParamsENS0_7TmaMapsE
    496 bytes stack frame, 0 bytes spill stores, 0 bytes spill loads
ptxas info    : Used 168 registers, used 16 barriers, 496 bytes cumulative stack size
ptxas info    : Compile time = 764.624 ms
ptxas info    : Function properties for _ZN4fmha15value_direction6routerILi512ELb0ELb1ELb0ELb0ELb1EEEvRKNS0_6ParamsERNS0_6SharedIXT_EEEPKNS0_7TmaMapsE
    0 bytes stack frame, 492 bytes spill stores, 492 bytes spill loads
ptxas info    : Function properties for _ZN4fmha15value_direction8consumerILi512ELb0ELb0EEEvRKNS0_6ParamsERNS0_6SharedIXT_EEE
    0 bytes stack frame, 16 bytes spill stores, 16 bytes spill loads
ptxas info    : Compiling entry function '_ZN4fmha15value_direction6kernelILi512ELb1ELb1ELb0ELb1EEEvNS0_6ParamsENS0_7TmaMapsE' for 'sm_90a'
ptxas info    : Function properties for _ZN4fmha15value_direction6kernelILi512ELb1ELb1ELb0ELb1EEEvNS0_6ParamsENS0_7TmaMapsE
    496 bytes stack frame, 0 bytes spill stores, 0 bytes spill loads
ptxas info    : Used 168 registers, used 16 barriers, 496 bytes cumulative stack size
ptxas info    : Compile time = 769.148 ms
ptxas info    : Function properties for _ZN4fmha15value_direction6routerILi512ELb1ELb1ELb0ELb0ELb1EEEvRKNS0_6ParamsERNS0_6SharedIXT_EEEPKNS0_7TmaMapsE
    0 bytes stack frame, 492 bytes spill stores, 492 bytes spill loads
ptxas info    : Function properties for _ZN4fmha15value_direction8consumerILi512ELb1ELb0EEEvRKNS0_6ParamsERNS0_6SharedIXT_EEE
    0 bytes stack frame, 16 bytes spill stores, 16 bytes spill loads
ptxas info    : Compiling entry function '_ZN4fmha15value_direction6kernelILi256ELb0ELb1ELb0ELb1EEEvNS0_6ParamsENS0_7TmaMapsE' for 'sm_90a'
ptxas info    : Function properties for _ZN4fmha15value_direction6kernelILi256ELb0ELb1ELb0ELb1EEEvNS0_6ParamsENS0_7TmaMapsE
    0 bytes stack frame, 0 bytes spill stores, 0 bytes spill loads
ptxas info    : Used 195 registers, used 16 barriers
ptxas info    : Compile time = 647.591 ms
ptxas info    : Function properties for _ZN4fmha15value_direction6routerILi256ELb0ELb1ELb0ELb0ELb1EEEvRKNS0_6ParamsERNS0_6SharedIXT_EEEPKNS0_7TmaMapsE
    0 bytes stack frame, 0 bytes spill stores, 0 bytes spill loads
ptxas info    : Function properties for _ZN4fmha15value_direction8consumerILi256ELb0ELb0EEEvRKNS0_6ParamsERNS0_6SharedIXT_EEE
    0 bytes stack frame, 0 bytes spill stores, 0 bytes spill loads
ptxas info    : Compiling entry function '_ZN4fmha15value_direction6kernelILi256ELb1ELb1ELb0ELb1EEEvNS0_6ParamsENS0_7TmaMapsE' for 'sm_90a'
ptxas info    : Function properties for _ZN4fmha15value_direction6kernelILi256ELb1ELb1ELb0ELb1EEEvNS0_6ParamsENS0_7TmaMapsE
    0 bytes stack frame, 0 bytes spill stores, 0 bytes spill loads
ptxas info    : Used 195 registers, used 16 barriers
ptxas info    : Compile time = 643.464 ms
ptxas info    : Function properties for _ZN4fmha15value_direction6routerILi256ELb1ELb1ELb0ELb0ELb1EEEvRKNS0_6ParamsERNS0_6SharedIXT_EEEPKNS0_7TmaMapsE
    0 bytes stack frame, 0 bytes spill stores, 0 bytes spill loads
ptxas info    : Function properties for _ZN4fmha15value_direction8consumerILi256ELb1ELb0EEEvRKNS0_6ParamsERNS0_6SharedIXT_EEE
    0 bytes stack frame, 0 bytes spill stores, 0 bytes spill loads
ptxas info    : Compiling entry function '_ZN4fmha15value_direction12split_kernelILb0ELb1EEEvNS0_6ParamsENS0_7TmaMapsE' for 'sm_90a'
ptxas info    : Function properties for _ZN4fmha15value_direction12split_kernelILb0ELb1EEEvNS0_6ParamsENS0_7TmaMapsE
    0 bytes stack frame, 0 bytes spill stores, 0 bytes spill loads
ptxas info    : Used 244 registers, used 16 barriers
ptxas info    : Compile time = 763.007 ms
ptxas info    : Function properties for _ZN4fmha15value_direction6routerILi512ELb1ELb1ELb1ELb0ELb1EEEvRKNS0_6ParamsERNS0_6SharedIXT_EEEPKNS0_7TmaMapsE
    0 bytes stack frame, 0 bytes spill stores, 0 bytes spill loads
ptxas info    : Function properties for _ZN4fmha15value_direction8consumerILi512ELb1ELb1EEEvRKNS0_6ParamsERNS0_6SharedIXT_EEE
    0 bytes stack frame, 0 bytes spill stores, 0 bytes spill loads
ptxas info    : Compiling entry function '_ZN4fmha15value_direction6kernelILi512ELb1ELb1ELb1ELb0EEEvNS0_6ParamsENS0_7TmaMapsE' for 'sm_90a'
ptxas info    : Function properties for _ZN4fmha15value_direction6kernelILi512ELb1ELb1ELb1ELb0EEEvNS0_6ParamsENS0_7TmaMapsE
    416 bytes stack frame, 8 bytes spill stores, 0 bytes spill loads
ptxas info    : Used 168 registers, used 16 barriers, 416 bytes cumulative stack size
ptxas info    : Compile time = 852.387 ms
ptxas info    : Function properties for _ZN4fmha15value_direction6routerILi512ELb1ELb1ELb0ELb1ELb0EEEvRKNS0_6ParamsERNS0_6SharedIXT_EEEPKNS0_7TmaMapsE
    0 bytes stack frame, 404 bytes spill stores, 420 bytes spill loads
ptxas info    : Function properties for _ZN4fmha15value_direction8consumerILi512ELb1ELb0EEEvRKNS0_6ParamsERNS0_6SharedIXT_EEE
    0 bytes stack frame, 16 bytes spill stores, 16 bytes spill loads
ptxas info    : Compiling entry function '_ZN4fmha15value_direction6kernelILi256ELb1ELb1ELb1ELb0EEEvNS0_6ParamsENS0_7TmaMapsE' for 'sm_90a'
ptxas info    : Function properties for _ZN4fmha15value_direction6kernelILi256ELb1ELb1ELb1ELb0EEEvNS0_6ParamsENS0_7TmaMapsE
    0 bytes stack frame, 0 bytes spill stores, 0 bytes spill loads
ptxas info    : Used 255 registers, used 16 barriers
ptxas info    : Compile time = 755.921 ms
ptxas info    : Function properties for _ZN4fmha15value_direction6routerILi256ELb1ELb1ELb0ELb1ELb0EEEvRKNS0_6ParamsERNS0_6SharedIXT_EEEPKNS0_7TmaMapsE
    0 bytes stack frame, 0 bytes spill stores, 0 bytes spill loads
ptxas info    : Function properties for _ZN4fmha15value_direction8consumerILi256ELb1ELb0EEEvRKNS0_6ParamsERNS0_6SharedIXT_EEE
    0 bytes stack frame, 0 bytes spill stores, 0 bytes spill loads
ptxas info    : Compiling entry function '_ZN4fmha15value_direction12split_kernelILb1ELb0EEEvNS0_6ParamsENS0_7TmaMapsE' for 'sm_90a'
ptxas info    : Function properties for _ZN4fmha15value_direction12split_kernelILb1ELb0EEEvNS0_6ParamsENS0_7TmaMapsE
    248 bytes stack frame, 8 bytes spill stores, 0 bytes spill loads
ptxas info    : Used 255 registers, used 16 barriers, 248 bytes cumulative stack size
ptxas info    : Compile time = 886.531 ms
ptxas info    : Function properties for _ZN4fmha15value_direction6routerILi512ELb1ELb1ELb1ELb1ELb0EEEvRKNS0_6ParamsERNS0_6SharedIXT_EEEPKNS0_7TmaMapsE
    0 bytes stack frame, 236 bytes spill stores, 252 bytes spill loads
ptxas info    : Function properties for _ZN4fmha15value_direction8consumerILi512ELb1ELb1EEEvRKNS0_6ParamsERNS0_6SharedIXT_EEE
    0 bytes stack frame, 0 bytes spill stores, 0 bytes spill loads
ptxas info    : Compiling entry function '_ZN4fmha15value_direction6kernelILi512ELb1ELb1ELb1ELb1EEEvNS0_6ParamsENS0_7TmaMapsE' for 'sm_90a'
ptxas info    : Function properties for _ZN4fmha15value_direction6kernelILi512ELb1ELb1ELb1ELb1EEEvNS0_6ParamsENS0_7TmaMapsE
    408 bytes stack frame, 8 bytes spill stores, 0 bytes spill loads
ptxas info    : Used 168 registers, used 16 barriers, 408 bytes cumulative stack size
ptxas info    : Compile time = 766.172 ms
ptxas info    : Function properties for _ZN4fmha15value_direction6routerILi512ELb1ELb1ELb0ELb1ELb1EEEvRKNS0_6ParamsERNS0_6SharedIXT_EEEPKNS0_7TmaMapsE
    0 bytes stack frame, 400 bytes spill stores, 416 bytes spill loads
ptxas info    : Function properties for _ZN4fmha15value_direction8consumerILi512ELb1ELb0EEEvRKNS0_6ParamsERNS0_6SharedIXT_EEE
    0 bytes stack frame, 16 bytes spill stores, 16 bytes spill loads
ptxas info    : Compiling entry function '_ZN4fmha15value_direction6kernelILi256ELb1ELb1ELb1ELb1EEEvNS0_6ParamsENS0_7TmaMapsE' for 'sm_90a'
ptxas info    : Function properties for _ZN4fmha15value_direction6kernelILi256ELb1ELb1ELb1ELb1EEEvNS0_6ParamsENS0_7TmaMapsE
    0 bytes stack frame, 0 bytes spill stores, 0 bytes spill loads
ptxas info    : Used 205 registers, used 16 barriers
ptxas info    : Compile time = 642.138 ms
ptxas info    : Function properties for _ZN4fmha15value_direction6routerILi256ELb1ELb1ELb0ELb1ELb1EEEvRKNS0_6ParamsERNS0_6SharedIXT_EEEPKNS0_7TmaMapsE
    0 bytes stack frame, 0 bytes spill stores, 0 bytes spill loads
ptxas info    : Function properties for _ZN4fmha15value_direction8consumerILi256ELb1ELb0EEEvRKNS0_6ParamsERNS0_6SharedIXT_EEE
    0 bytes stack frame, 0 bytes spill stores, 0 bytes spill loads
ptxas info    : Compiling entry function '_ZN4fmha15value_direction12split_kernelILb1ELb1EEEvNS0_6ParamsENS0_7TmaMapsE' for 'sm_90a'
ptxas info    : Function properties for _ZN4fmha15value_direction12split_kernelILb1ELb1EEEvNS0_6ParamsENS0_7TmaMapsE
    8 bytes stack frame, 0 bytes spill stores, 0 bytes spill loads
ptxas info    : Used 255 registers, used 16 barriers, 8 bytes cumulative stack size
ptxas info    : Compile time = 792.253 ms
ptxas info    : Function properties for _ZN4fmha15value_direction6routerILi512ELb1ELb1ELb1ELb1ELb1EEEvRKNS0_6ParamsERNS0_6SharedIXT_EEEPKNS0_7TmaMapsE
    0 bytes stack frame, 4 bytes spill stores, 4 bytes spill loads
ptxas info    : Function properties for _ZN4fmha15value_direction8consumerILi512ELb1ELb1EEEvRKNS0_6ParamsERNS0_6SharedIXT_EEE
    0 bytes stack frame, 0 bytes spill stores, 0 bytes spill loads
ptxas info    : Compiling entry function '_ZN4fmha15value_direction6kernelILi512ELb1ELb0ELb1ELb0EEEvNS0_6ParamsENS0_7TmaMapsE' for 'sm_90a'
ptxas info    : Function properties for _ZN4fmha15value_direction6kernelILi512ELb1ELb0ELb1ELb0EEEvNS0_6ParamsENS0_7TmaMapsE
    816 bytes stack frame, 16 bytes spill stores, 0 bytes spill loads
ptxas info    : Used 168 registers, used 16 barriers, 816 bytes cumulative stack size
ptxas info    : Compile time = 2222.623 ms
ptxas info    : Function properties for _ZN4fmha15value_direction13blasst_routerILi512ELb1ELb1EEEvRKNS0_6ParamsERNS0_6SharedIXT_EEEPKNS0_7TmaMapsE
    0 bytes stack frame, 336 bytes spill stores, 352 bytes spill loads
ptxas info    : Function properties for _ZN4fmha15value_direction6routerILi512ELb1ELb0ELb0ELb1ELb0EEEvRKNS0_6ParamsERNS0_6SharedIXT_EEEPKNS0_7TmaMapsE
    0 bytes stack frame, 824 bytes spill stores, 852 bytes spill loads
ptxas info    : Function properties for _ZN4fmha15value_direction8consumerILi512ELb1ELb0EEEvRKNS0_6ParamsERNS0_6SharedIXT_EEE
    0 bytes stack frame, 16 bytes spill stores, 16 bytes spill loads
ptxas info    : Compiling entry function '_ZN4fmha15value_direction6kernelILi256ELb1ELb0ELb1ELb0EEEvNS0_6ParamsENS0_7TmaMapsE' for 'sm_90a'
ptxas info    : Function properties for _ZN4fmha15value_direction6kernelILi256ELb1ELb0ELb1ELb0EEEvNS0_6ParamsENS0_7TmaMapsE
    104 bytes stack frame, 8 bytes spill stores, 0 bytes spill loads
ptxas info    : Used 255 registers, used 16 barriers, 104 bytes cumulative stack size
ptxas info    : Compile time = 1744.430 ms
ptxas info    : Function properties for _ZN4fmha15value_direction13blasst_routerILi256ELb1ELb1EEEvRKNS0_6ParamsERNS0_6SharedIXT_EEEPKNS0_7TmaMapsE
    0 bytes stack frame, 0 bytes spill stores, 0 bytes spill loads
ptxas info    : Function properties for _ZN4fmha15value_direction6routerILi256ELb1ELb0ELb0ELb1ELb0EEEvRKNS0_6ParamsERNS0_6SharedIXT_EEEPKNS0_7TmaMapsE
    0 bytes stack frame, 96 bytes spill stores, 112 bytes spill loads
ptxas info    : Function properties for _ZN4fmha15value_direction8consumerILi256ELb1ELb0EEEvRKNS0_6ParamsERNS0_6SharedIXT_EEE
    0 bytes stack frame, 0 bytes spill stores, 0 bytes spill loads
ptxas info    : Compiling entry function '_ZN4fmha15value_direction16pack_mask_kernelEPKhPjli' for 'sm_90a'
ptxas info    : Function properties for _ZN4fmha15value_direction16pack_mask_kernelEPKhPjli
    0 bytes stack frame, 0 bytes spill stores, 0 bytes spill loads
ptxas info    : Used 18 registers, used 0 barriers
ptxas info    : Compile time = 7.493 ms
